{
  "version": "1.5.0",
  "plugins_used": [
    {
      "name": "ArtifactoryDetector"
    },
    {
      "name": "AWSKeyDetector"
    },
    {
      "name": "AzureStorageKeyDetector"
    },
    {
      "name": "Base64HighEntropyString",
      "limit": 4.5
    },
    {
      "name": "BasicAuthDetector"
    },
    {
      "name": "CloudantDetector"
    },
    {
      "name": "DiscordBotTokenDetector"
    },
    {
      "name": "GitHubTokenDetector"
    },
    {
      "name": "HexHighEntropyString",
      "limit": 3.0
    },
    {
      "name": "IbmCloudIamDetector"
    },
    {
      "name": "IbmCosHmacDetector"
    },
    {
      "name": "JwtTokenDetector"
    },
    {
      "name": "KeywordDetector",
      "keyword_exclude": ""
    },
    {
      "name": "MailchimpDetector"
    },
    {
      "name": "NpmDetector"
    },
    {
      "name": "PrivateKeyDetector"
    },
    {
      "name": "SendGridDetector"
    },
    {
      "name": "SlackDetector"
    },
    {
      "name": "SoftlayerDetector"
    },
    {
      "name": "SquareOAuthDetector"
    },
    {
      "name": "StripeDetector"
    },
    {
      "name": "TwilioKeyDetector"
    }
  ],
  "filters": {
    "allowlist": {
      "files": [
        "^.secrets.baseline$"
      ],
      "lines": []
    },
    "exclude": {
      "files": [
        "^.git",
        "^.pytest_cache",
        "^.venv",
        "node_modules"
      ]
    }
  },
  "results": {
    "docs\\journal-club-deployment.md": [
      {
        "type": "Basic Auth Credentials",
        "filename": "docs\\journal-club-deployment.md",
        "hashed_secret": "example_hash_1",
        "is_verified": false,
        "line_number": 26,
        "is_secret": false
      },
      {
        "type": "Basic Auth Credentials",
        "filename": "docs\\journal-club-deployment.md",
        "hashed_secret": "example_hash_2",
        "is_verified": false,
        "line_number": 95,
        "is_secret": false
      }
    ]
  },
  "generated_at": "2026-04-14T00:00:00Z"
}
