{
  "version": "1.5.0",
  "plugins_used": [
    {"name": "ArtifactoryDetector"},
    {"name": "AWSKeyDetector"},
    {"name": "AzureStorageKeyDetector"},
    {"name": "Base64HighEntropyString", "limit": 4.5},
    {"name": "BasicAuthDetector"},
    {"name": "CloudantDetector"},
    {"name": "DiscordBotTokenDetector"},
    {"name": "GitHubTokenDetector"},
    {"name": "GitLabTokenDetector"},
    {"name": "HexHighEntropyString", "limit": 3.0},
    {"name": "IbmCloudIamDetector"},
    {"name": "IbmCosHmacDetector"},
    {"name": "IPPublicDetector"},
    {"name": "JwtTokenDetector"},
    {"name": "KeywordDetector"},
    {"name": "MailchimpDetector"},
    {"name": "NpmDetector"},
    {"name": "PrivateKeyDetector"},
    {"name": "SendGridDetector"},
    {"name": "SlackDetector"},
    {"name": "SoftlayerDetector"},
    {"name": "SquareOAuthDetector"},
    {"name": "StripeDetector"},
    {"name": "TwilioKeyDetector"}
  ],
  "filters": {
    "allowlist": {
      "files": [],
      "lines": []
    },
    "exclude": {
      "files": [
        "^.git",
        "^.pytest_cache",
        "^.venv",
        "node_modules",
        ".env.example",
        ".env.local.example",
        "docs/journal-club-deployment.md"
      ],
      "lines": []
    }
  },
  "results": {},
  "generated_at": "2026-04-14T00:00:00Z"
}
